// Vitest Snapshot v1

exports[`(components) footer > test Snap Shot 1`] = `
<div>
  <button
    class="
      _enshita-button-color-brack_18evi_5
      _enshita-button-bg-secondary_18evi_1
      _enshita-button-normal_18evi_9
      "
    type="button"
  >
    <div>
      hogehoge
    </div>
  </button>
</div>
`;
