// Vitest Snapshot v1

exports[`(components) header > test Snap Shot 1`] = `
<div>
  <header
    class="_enshita-header_1kfzr_1 _enshita-header-pc_1kfzr_14"
    role="banner"
  >
    <p
      class="_enshita-header-logo_1kfzr_7"
    >
      enshita
    </p>
    <p
      class="_enshita-header-hidden_1kfzr_22"
    >
      button
    </p>
  </header>
</div>
`;
