// Vitest Snapshot v1

exports[`(components) header > take snapshot 1`] = `
<div>
  <header
    class="_enshita-header_41584d undefined"
  >
    <div>
      <img
        alt="enshita logo"
        class="_enshita-header-logo-img_41584d"
        href="/"
        src="/statics/lyrics-dark.svg"
      />
    </div>
    <div
      class="_enshita-header-hidden_41584d"
    >
      <a
        class="_enshita-button-box_fd3da4 _enshita-header-button_41584d"
        href="./login"
        rel="noopener noreferrer"
        role="button"
        target="_blank"
      >
        <p
          class="_enshita-button-text_fd3da4 undefined"
        >
          login
        </p>
      </a>
    </div>
  </header>
</div>
`;
