// Vitest Snapshot v1

exports[`(components) header > take snapshot 1`] = `
<div>
  <header
    class="_enshita-header_y5pqh_1 undefined"
  >
    <div>
      <img
        alt="enshita logo"
        class="_enshita-header-logo-img_y5pqh_16"
        href="/"
        src="/statics/lyrics-dark.svg"
      />
    </div>
    <div
      class="_enshita-header-hidden_y5pqh_27"
    >
      <a
        class="_enshita-button-box_8w723_17 _enshita-header-button_y5pqh_21"
        href="./login"
        rel="noopener noreferrer"
        role="button"
        target="_blank"
      >
        <p
          class="_enshita-button-text_8w723_36 undefined"
        >
          login
        </p>
      </a>
    </div>
  </header>
</div>
`;
