// Vitest Snapshot v1

exports[`(components) text input with using react-hook-form > take snapshot 1`] = `
<div>
  <form>
    <section
      class="_enshita-apply-form-radio-box_s5bt7_1"
    >
      <h3
        aria-label="label for radio"
        class="_enshita-apply-form-radio-label_s5bt7_17"
      >
        登壇枠
      </h3>
      <div
        class="_enshita-apply-form-radio-input-box_s5bt7_30"
      >
        <input
          aria-label="1"
          id="1"
          name="id"
          type="radio"
          value="1"
        />
        <div
          class="_enshita-apply-form-radio-input-label-box_s5bt7_33"
        >
          <label
            for="1"
          >
            5分枠
          </label>
          <p
            class="_enshita-apply-form-radio-input-label-text_s5bt7_44"
          >
            2
          </p>
          <p>
            6
          </p>
        </div>
      </div>
      <div
        class="_enshita-apply-form-radio-input-box_s5bt7_30"
      >
        <input
          aria-label="2"
          id="2"
          name="id"
          type="radio"
          value="2"
        />
        <div
          class="_enshita-apply-form-radio-input-label-box_s5bt7_33"
        >
          <label
            for="2"
          >
            7分枠
          </label>
          <p
            class="_enshita-apply-form-radio-input-label-text_s5bt7_44"
          >
            0
          </p>
          <p>
            4
          </p>
        </div>
      </div>
      <div
        class="_enshita-apply-form-radio-input-box_s5bt7_30"
      >
        <input
          aria-label="3"
          id="3"
          name="id"
          type="radio"
          value="3"
        />
        <div
          class="_enshita-apply-form-radio-input-label-box_s5bt7_33"
        >
          <label
            for="3"
          >
            10分枠
          </label>
          <p
            class="_enshita-apply-form-radio-input-label-text_s5bt7_44"
          >
            3
          </p>
          <p>
            4
          </p>
        </div>
      </div>
    </section>
    <button
      aria-label="submit"
      type="submit"
    >
      テスト用
    </button>
  </form>
</div>
`;
