// Vitest Snapshot v1

exports[`(components) apply-form title > take snap shot 1`] = `
<div>
  <div
    class="_enshita-apply-form-title-box_37ac0a"
  >
    <div
      class="_enshita-apply-form-title-wrapper_37ac0a"
    >
      <h1
        class="_enshita-apply-form-title_37ac0a"
      >
        共同開発鯖LT #4
      </h1>
      <h1
        class="_enshita-apply-form-title_37ac0a"
      >
        申し込みフォーム
      </h1>
    </div>
    <h2
      class="_enshita-apply-form-subtitle_37ac0a"
    >
      気軽に申し込みしてください！
    </h2>
  </div>
</div>
`;
