// Vitest Snapshot v1

exports[`(component) account information form > Snap Shot 1`] = `
<div>
  <div
    class="_enshita-accountinfoform-main_2hhsv_11"
  >
    <div
      class="_enshita-accountinfoform-head_2hhsv_1"
    >
      <h1>
        Personal Info
      </h1>
    </div>
    <form>
      <div
        class="_enshita-textarea-form-body_ruurd_1"
      >
        <label
          for="mail"
        >
          <p>
            <small>
              Email Address
            </small>
          </p>
          <div
            class="_enshita-textarea-textarea_ruurd_6"
          >
            <div
              class="_enshita-textarea-icon_ruurd_20"
            >
              <span />
            </div>
            <input
              class="_enshita-textarea-input-normal_ruurd_27"
              name="mail"
            />
          </div>
          <div
            class="_enshita-textarea-error_ruurd_40"
          />
        </label>
      </div>
      <div
        class="_enshita-textarea-form-body_ruurd_1"
      >
        <label
          for="name"
        >
          <p>
            <small>
              User name
            </small>
          </p>
          <div
            class="_enshita-textarea-textarea_ruurd_6"
          >
            <div
              class="_enshita-textarea-icon_ruurd_20"
            >
              <span />
            </div>
            <input
              class="_enshita-textarea-input-normal_ruurd_27"
              name="userName"
            />
          </div>
          <div
            class="_enshita-textarea-error_ruurd_40"
          />
        </label>
      </div>
      <div
        class="_enshita-accountinfoform-dis_2hhsv_18"
      >
        <small>
          if you update your password, you must enter your current password.
        </small>
      </div>
      <div
        class="_enshita-textarea-form-body_ruurd_1"
      >
        <label
          for="newPassword"
        >
          <p>
            <small>
              New Password
            </small>
          </p>
          <div
            class="_enshita-textarea-textarea_ruurd_6"
          >
            <div
              class="_enshita-textarea-icon_ruurd_20"
            >
              <span />
            </div>
            <input
              class="_enshita-textarea-input-password_ruurd_33"
              name="newPassword"
              type="password"
            />
            <button
              class="_enshita-textarea-icon_ruurd_20"
              type="button"
            >
              <span />
            </button>
          </div>
          <div
            class="_enshita-textarea-error_ruurd_40"
          />
        </label>
      </div>
      <div
        class="_enshita-textarea-form-body_ruurd_1"
      >
        <label
          for="NewPasswordReRe-enter"
        >
          <p>
            <small>
              New Password (Re-enter)
            </small>
          </p>
          <div
            class="_enshita-textarea-textarea_ruurd_6"
          >
            <div
              class="_enshita-textarea-icon_ruurd_20"
            >
              <span />
            </div>
            <input
              class="_enshita-textarea-input-password_ruurd_33"
              name="reNewPassword"
              type="password"
            />
            <button
              class="_enshita-textarea-icon_ruurd_20"
              type="button"
            >
              <span />
            </button>
          </div>
          <div
            class="_enshita-textarea-error_ruurd_40"
          />
        </label>
      </div>
      <div
        class="_enshita-textarea-form-body_ruurd_1"
      >
        <label
          for="currentPassword"
        >
          <p>
            <small>
              Current Password
            </small>
          </p>
          <div
            class="_enshita-textarea-textarea_ruurd_6"
          >
            <div
              class="_enshita-textarea-icon_ruurd_20"
            >
              <span />
            </div>
            <input
              class="_enshita-textarea-input-password_ruurd_33"
              name="currentPassword"
              type="password"
            />
            <button
              class="_enshita-textarea-icon_ruurd_20"
              type="button"
            >
              <span />
            </button>
          </div>
          <div
            class="_enshita-textarea-error_ruurd_40"
          />
        </label>
      </div>
      <div
        class="_enshita-accountinfoform-error_2hhsv_46"
      >
        <small />
      </div>
      <div
        class="_enshita-accountinfoform-button_2hhsv_25"
      >
        <button
          class="_enshita-button-box_1gcpx_17 _enshita-button-update-box_2hhsv_34"
          tabindex="0"
          type="submit"
        >
          <p
            class="_enshita-button-text_1gcpx_36 undefined"
          >
            update
          </p>
        </button>
      </div>
    </form>
  </div>
</div>
`;
