// Vitest Snapshot v1

exports[`(component) text input module test > Snap Shot 1`] = `
<div>
  <div
    class="_enshita-input-textarea_13loc_1 undefined"
  >
    <div
      class="_enshita-input-icon_13loc_15"
    >
      <span />
    </div>
    <input
      class="_enshita-input-normal_13loc_23"
    />
  </div>
  <p
    class="_enshita-input-error_13loc_35"
  />
</div>
`;
