// Vitest Snapshot v1

exports[`(components) header > test Snap Shot 1`] = `
<div>
  <div
    class="_enshita-status-body_3a3ce3"
  >
    <div
      class="_enshita-status-content_3a3ce3"
    >
      <div
        class="_enshita-status-code_3a3ce3"
      >
        <p>
          404
        </p>
      </div>
      <div
        class="_enshita-status-message_3a3ce3"
      >
        <div
          class="_enshita-status-errormessage_3a3ce3"
        >
          <p>
            page not found
          </p>
        </div>
        <div>
          <p>
            Oh... This URL is wrong.
            <br />
            please check again page URL.
          </p>
        </div>
      </div>
    </div>
  </div>
</div>
`;
