// Vitest Snapshot v1

exports[`(component) text input module test > Snap Shot 1`] = `
<div>
  <div
    class="_enshita-input-textarea_80a418 undefined"
  >
    <div
      class="_enshita-input-icon_80a418"
    >
      <span />
    </div>
    <input
      class="_enshita-input-normal_80a418"
    />
  </div>
  <p
    class="_enshita-input-error_80a418"
  />
</div>
`;
