// Vitest Snapshot v1

exports[`(component) account information update form test > Snap Shot 1`] = `
<div>
  <section
    class="_enshita-form-main_zg89y_1"
  >
    <div
      class="_enshita-form-head_zg89y_7"
    >
      <h1>
        Personal Info
      </h1>
    </div>
    <form>
      <section
        class="_enshita-control-body_mclyn_1"
      >
        <label
          for="mail"
        >
          email Address
        </label>
        <div
          class="_enshita-input-textarea_13loc_1 undefined"
        >
          <div
            class="_enshita-input-icon_13loc_15"
          >
            <span />
          </div>
          <input
            class="_enshita-input-normal_13loc_23"
            id="mail"
            name="mail"
            value="abc@example.com"
          />
        </div>
        <p
          class="_enshita-input-error_13loc_35"
        />
      </section>
      <section
        class="_enshita-control-body_mclyn_1"
      >
        <label
          for="userName"
        >
          User name
        </label>
        <div
          class="_enshita-input-textarea_13loc_1 undefined"
        >
          <div
            class="_enshita-input-icon_13loc_15"
          >
            <span />
          </div>
          <input
            class="_enshita-input-normal_13loc_23"
            id="userName"
            name="userName"
            value="hoge"
          />
        </div>
        <p
          class="_enshita-input-error_13loc_35"
        />
      </section>
      <div
        class="_enshita-form-dis_zg89y_17"
      >
        <small>
          if you update your password, you must enter your current password.
        </small>
      </div>
      <section
        class="_enshita-control-body_mclyn_1"
      >
        <label
          for="newPassword"
        >
          New Password
        </label>
        <div
          class="_enshita-input-textarea_13loc_1 undefined"
        >
          <div
            class="_enshita-input-icon_13loc_15"
          >
            <span />
          </div>
          <input
            class="_enshita-input-password_13loc_29"
            id="newPassword"
            name="newPassword"
            type="password"
            value=""
          />
          <button
            class="_enshita-input-icon_13loc_15"
            type="button"
          >
            <span />
          </button>
        </div>
        <p
          class="_enshita-input-error_13loc_35"
        />
      </section>
      <section
        class="_enshita-control-body_mclyn_1"
      >
        <label
          for="reNewPassword"
        >
          New Password (Re-enter)
        </label>
        <div
          class="_enshita-input-textarea_13loc_1 undefined"
        >
          <div
            class="_enshita-input-icon_13loc_15"
          >
            <span />
          </div>
          <input
            class="_enshita-input-password_13loc_29"
            id="reNewPassword"
            name="reNewPassword"
            type="password"
            value=""
          />
          <button
            class="_enshita-input-icon_13loc_15"
            type="button"
          >
            <span />
          </button>
        </div>
        <p
          class="_enshita-input-error_13loc_35"
        />
      </section>
      <section
        class="_enshita-control-body_mclyn_1"
      >
        <label
          for="currentPassword"
        >
          Current Password
        </label>
        <div
          class="_enshita-input-textarea_13loc_1 undefined"
        >
          <div
            class="_enshita-input-icon_13loc_15"
          >
            <span />
          </div>
          <input
            class="_enshita-input-password_13loc_29"
            id="currentPassword"
            name="currentPassword"
            type="password"
            value=""
          />
          <button
            class="_enshita-input-icon_13loc_15"
            type="button"
          >
            <span />
          </button>
        </div>
        <p
          class="_enshita-input-error_13loc_35"
        />
      </section>
      <div
        class="_enshita-form-error_zg89y_45"
      >
        <small />
      </div>
      <div
        class="_enshita-form-button_zg89y_24"
      >
        <button
          class="_enshita-button-box_1gcpx_17 _enshita-button-update-box_zg89y_33"
          tabindex="0"
          type="submit"
        >
          <p
            class="_enshita-button-text_1gcpx_36 undefined"
          >
            update
          </p>
        </button>
      </div>
    </form>
  </section>
</div>
`;
