// Vitest Snapshot v1

exports[`(component) account information update form test > Snap Shot 1`] = `
<div>
  <section
    class="_enshita-form-main_4218ef"
  >
    <div
      class="_enshita-form-head_4218ef"
    >
      <h1>
        Personal Info
      </h1>
    </div>
    <form>
      <section
        class="_enshita-control-body_ab0206"
      >
        <label
          for="mail"
        >
          email Address
        </label>
        <div
          class="_enshita-input-textarea_b32e13 undefined"
        >
          <div
            class="_enshita-input-icon_b32e13"
          >
            <span />
          </div>
          <input
            class="_enshita-input-normal_b32e13"
            id="mail"
            name="mail"
            value="abc@example.com"
          />
        </div>
        <p
          class="_enshita-input-error_b32e13"
        />
      </section>
      <section
        class="_enshita-control-body_ab0206"
      >
        <label
          for="userName"
        >
          User name
        </label>
        <div
          class="_enshita-input-textarea_b32e13 undefined"
        >
          <div
            class="_enshita-input-icon_b32e13"
          >
            <span />
          </div>
          <input
            class="_enshita-input-normal_b32e13"
            id="userName"
            name="userName"
            value="hoge"
          />
        </div>
        <p
          class="_enshita-input-error_b32e13"
        />
      </section>
      <div
        class="_enshita-form-dis_4218ef"
      >
        <small>
          if you update your password, you must enter your current password.
        </small>
      </div>
      <section
        class="_enshita-control-body_ab0206"
      >
        <label
          for="newPassword"
        >
          New Password
        </label>
        <div
          class="_enshita-input-textarea_b32e13 undefined"
        >
          <div
            class="_enshita-input-icon_b32e13"
          >
            <span />
          </div>
          <input
            class="_enshita-input-password_b32e13"
            id="newPassword"
            name="newPassword"
            type="password"
            value=""
          />
          <button
            class="_enshita-input-icon_b32e13"
            type="button"
          >
            <span />
          </button>
        </div>
        <p
          class="_enshita-input-error_b32e13"
        />
      </section>
      <section
        class="_enshita-control-body_ab0206"
      >
        <label
          for="reNewPassword"
        >
          New Password (Re-enter)
        </label>
        <div
          class="_enshita-input-textarea_b32e13 undefined"
        >
          <div
            class="_enshita-input-icon_b32e13"
          >
            <span />
          </div>
          <input
            class="_enshita-input-password_b32e13"
            id="reNewPassword"
            name="reNewPassword"
            type="password"
            value=""
          />
          <button
            class="_enshita-input-icon_b32e13"
            type="button"
          >
            <span />
          </button>
        </div>
        <p
          class="_enshita-input-error_b32e13"
        />
      </section>
      <section
        class="_enshita-control-body_ab0206"
      >
        <label
          for="currentPassword"
        >
          Current Password
        </label>
        <div
          class="_enshita-input-textarea_b32e13 undefined"
        >
          <div
            class="_enshita-input-icon_b32e13"
          >
            <span />
          </div>
          <input
            class="_enshita-input-password_b32e13"
            id="currentPassword"
            name="currentPassword"
            type="password"
            value=""
          />
          <button
            class="_enshita-input-icon_b32e13"
            type="button"
          >
            <span />
          </button>
        </div>
        <p
          class="_enshita-input-error_b32e13"
        />
      </section>
      <div
        class="_enshita-form-error_4218ef"
      >
        <small />
      </div>
      <div
        class="_enshita-form-button_4218ef"
      >
        <button
          class="_enshita-button-box_44d66e _enshita-button-update-box_4218ef"
          tabindex="0"
          type="submit"
        >
          <p
            class="_enshita-button-text_44d66e _enshita-button-update-text_4218ef"
          >
            update
          </p>
        </button>
      </div>
    </form>
  </section>
</div>
`;
