// Vitest Snapshot v1

exports[`(component) text control module test > Snap Shot 1`] = `
<div>
  <form>
    <section
      class="_enshita-control-body_ab0206"
    >
      <label
        for="mail"
      >
        email Address
      </label>
      <div
        class="_enshita-input-textarea_b32e13 undefined"
      >
        <div
          class="_enshita-input-icon_b32e13"
        >
          <span />
        </div>
        <input
          class="_enshita-input-normal_b32e13"
          id="mail"
          name="mail"
          value="fuga@hoge.com"
        />
      </div>
      <p
        class="_enshita-input-error_b32e13"
      />
    </section>
  </form>
</div>
`;
