// Vitest Snapshot v1

exports[`(component) password control module test > Snap Shot 1`] = `
<div>
  <form>
    <section
      class="_enshita-control-body_dba8a0"
    >
      <label
        for="newPassword"
      >
        New Password
      </label>
      <div
        class="_enshita-input-textarea_80a418 undefined"
      >
        <div
          class="_enshita-input-icon_80a418"
        >
          <span />
        </div>
        <input
          class="_enshita-input-password_80a418"
          id="newPassword"
          name="newPassword"
          type="password"
          value=""
        />
        <button
          class="_enshita-input-icon_80a418"
          type="button"
        >
          <span />
        </button>
      </div>
      <p
        class="_enshita-input-error_80a418"
      />
    </section>
  </form>
</div>
`;
